// Jest Snapshot v1, https://goo.gl/fbAQLP

exports[`Footer Component should render BottomNavigation and Reset button 1`] = `
<div
  className="MuiBottomNavigation-root makeStyles-footerRoot-1"
  data-testid="footer"
>
  <button
    aria-label="reset view"
    className="MuiButtonBase-root MuiBottomNavigationAction-root makeStyles-actionRoot-2 Mui-selected makeStyles-actionSelected-3"
    disabled={false}
    onBlur={[Function]}
    onClick={[Function]}
    onDragLeave={[Function]}
    onFocus={[Function]}
    onKeyDown={[Function]}
    onKeyUp={[Function]}
    onMouseDown={[Function]}
    onMouseLeave={[Function]}
    onMouseUp={[Function]}
    onTouchEnd={[Function]}
    onTouchMove={[Function]}
    onTouchStart={[Function]}
    tabIndex={0}
    type="button"
  >
    <span
      className="MuiBottomNavigationAction-wrapper"
    >
      <svg
        aria-hidden={true}
        className="MuiSvgIcon-root"
        focusable="false"
        viewBox="0 0 24 24"
      >
        <path
          d="M7.11 8.53L5.7 7.11C4.8 8.27 4.24 9.61 4.07 11h2.02c.14-.87.49-1.72 1.02-2.47zM6.09 13H4.07c.17 1.39.72 2.73 1.62 3.89l1.41-1.42c-.52-.75-.87-1.59-1.01-2.47zm1.01 5.32c1.16.9 2.51 1.44 3.9 1.61V17.9c-.87-.15-1.71-.49-2.46-1.03L7.1 18.32zM13 4.07V1L8.45 5.55 13 10V6.09c2.84.48 5 2.94 5 5.91s-2.16 5.43-5 5.91v2.02c3.95-.49 7-3.85 7-7.93s-3.05-7.44-7-7.93z"
        />
      </svg>
      <span
        className="MuiBottomNavigationAction-label Mui-selected makeStyles-actionSelected-3"
      >
        Reset
      </span>
    </span>
  </button>
</div>
`;
